// Jest Snapshot v1, https://goo.gl/fbAQLP

exports[`App renders page correctly 1`] = `
Object {
  "asFragment": [Function],
  "baseElement": <body>
    <div>
      <header>
        <div
          class="brand-logo"
        >
          <img
            alt="logo"
            height="40"
            src="planet.svg"
            width="40"
          />
          <span>
            Space Travelers' Hub
          </span>
        </div>
        <nav>
          <ul
            class="nav-links"
          >
            <li
              class="nav-link"
            >
              <a
                aria-current="page"
                class="nav-link active"
                href="/"
              >
                Rockets
              </a>
            </li>
            <li
              class="nav-link"
            >
              <a
                class="nav-link"
                href="/missions"
              >
                Missions
              </a>
            </li>
            <li
              class="nav-link"
            >
              <a
                class="nav-link"
                href="/my-profile"
              >
                My Profile
              </a>
            </li>
          </ul>
        </nav>
      </header>
      <div
        class="MuiBox-root css-0"
        style="margin: 0px 28px;"
      >
        <ul
          class="MuiList-root MuiList-padding css-h4y409-MuiList-root"
        />
      </div>
    </div>
  </body>,
  "container": <div>
    <header>
      <div
        class="brand-logo"
      >
        <img
          alt="logo"
          height="40"
          src="planet.svg"
          width="40"
        />
        <span>
          Space Travelers' Hub
        </span>
      </div>
      <nav>
        <ul
          class="nav-links"
        >
          <li
            class="nav-link"
          >
            <a
              aria-current="page"
              class="nav-link active"
              href="/"
            >
              Rockets
            </a>
          </li>
          <li
            class="nav-link"
          >
            <a
              class="nav-link"
              href="/missions"
            >
              Missions
            </a>
          </li>
          <li
            class="nav-link"
          >
            <a
              class="nav-link"
              href="/my-profile"
            >
              My Profile
            </a>
          </li>
        </ul>
      </nav>
    </header>
    <div
      class="MuiBox-root css-0"
      style="margin: 0px 28px;"
    >
      <ul
        class="MuiList-root MuiList-padding css-h4y409-MuiList-root"
      />
    </div>
  </div>,
  "debug": [Function],
  "findAllByAltText": [Function],
  "findAllByDisplayValue": [Function],
  "findAllByLabelText": [Function],
  "findAllByPlaceholderText": [Function],
  "findAllByRole": [Function],
  "findAllByTestId": [Function],
  "findAllByText": [Function],
  "findAllByTitle": [Function],
  "findByAltText": [Function],
  "findByDisplayValue": [Function],
  "findByLabelText": [Function],
  "findByPlaceholderText": [Function],
  "findByRole": [Function],
  "findByTestId": [Function],
  "findByText": [Function],
  "findByTitle": [Function],
  "getAllByAltText": [Function],
  "getAllByDisplayValue": [Function],
  "getAllByLabelText": [Function],
  "getAllByPlaceholderText": [Function],
  "getAllByRole": [Function],
  "getAllByTestId": [Function],
  "getAllByText": [Function],
  "getAllByTitle": [Function],
  "getByAltText": [Function],
  "getByDisplayValue": [Function],
  "getByLabelText": [Function],
  "getByPlaceholderText": [Function],
  "getByRole": [Function],
  "getByTestId": [Function],
  "getByText": [Function],
  "getByTitle": [Function],
  "queryAllByAltText": [Function],
  "queryAllByDisplayValue": [Function],
  "queryAllByLabelText": [Function],
  "queryAllByPlaceholderText": [Function],
  "queryAllByRole": [Function],
  "queryAllByTestId": [Function],
  "queryAllByText": [Function],
  "queryAllByTitle": [Function],
  "queryByAltText": [Function],
  "queryByDisplayValue": [Function],
  "queryByLabelText": [Function],
  "queryByPlaceholderText": [Function],
  "queryByRole": [Function],
  "queryByTestId": [Function],
  "queryByText": [Function],
  "queryByTitle": [Function],
  "rerender": [Function],
  "unmount": [Function],
}
`;
